// Jest Snapshot v1, https://goo.gl/fbAQLP

exports[`renders homepage unchanged 1`] = `
<div
  className="container"
>
  <h1>
    GTD
  </h1>
  <h2>
    Collect
  </h2>
  <ul>
    <li>
      one
    </li>
    <li>
      two
    </li>
    <li>
      three
    </li>
  </ul>
  <h2>
    TODO
  </h2>
  <ul>
    <li>
      ONE
    </li>
    <li>
      TWO
    </li>
    <li>
      three
    </li>
  </ul>
  <p>
    Use local storage
  </p>
  <p>
    A todo component :
  </p>
  <p>
    must be
  </p>
  <ul>
    <li>
      uid
    </li>
    <li>
      id
    </li>
    <li>
      name
    </li>
    <li>
      dueDate
    </li>
    <li>
      labels including important, urgent, and so on
    </li>
  </ul>
  <p>
    later
  </p>
  <ul>
    <li>
      description
    </li>
    <li>
      activity
    </li>
    <li>
      checklist to make process and so on
    </li>
    <li>
      files
    </li>
  </ul>
</div>
`;
